Archive member included because of file (symbol)

c:/program files (x86)/gnu tools arm embedded/4.9 2015q3/bin/../lib/gcc/arm-none-eabi/4.9.3/armv7e-m\libgcc.a(_arm_addsubdf3.o)
                              ..\obj\main.o (__aeabi_dsub)
c:/program files (x86)/gnu tools arm embedded/4.9 2015q3/bin/../lib/gcc/arm-none-eabi/4.9.3/armv7e-m\libgcc.a(_arm_muldivdf3.o)
                              ..\obj\main.o (__aeabi_dmul)
c:/program files (x86)/gnu tools arm embedded/4.9 2015q3/bin/../lib/gcc/arm-none-eabi/4.9.3/armv7e-m\libgcc.a(_arm_fixdfsi.o)
                              ..\obj\main.o (__aeabi_d2iz)
c:/program files (x86)/gnu tools arm embedded/4.9 2015q3/bin/../lib/gcc/arm-none-eabi/4.9.3/../../../../arm-none-eabi/lib/armv7e-m\libg.a(lib_a-strlen.o)
                              ..\obj\lcd_hd44780.o (strlen)

Allocating common symbols
Common symbol       size              file

odleglosc           0x3               ..\obj\main.o
wartosc             0x4               ..\obj\main.o
linia1              0xf               ..\obj\main.o
BTData              0x5               ..\obj\main.o
GPIO_InitStructure  0x8               ..\obj\main.o
linia2              0xf               ..\obj\main.o
wyslanie            0x10              ..\obj\main.o

Discarded input sections

 .text          0x00000000        0x0 ..\obj\stm32f4xx_syscfg.o
 .data          0x00000000        0x0 ..\obj\stm32f4xx_syscfg.o
 .bss           0x00000000        0x0 ..\obj\stm32f4xx_syscfg.o
 .text.SYSCFG_DeInit
                0x00000000       0x1c ..\obj\stm32f4xx_syscfg.o
 .text.SYSCFG_MemoryRemapConfig
                0x00000000       0x20 ..\obj\stm32f4xx_syscfg.o
 .text.SYSCFG_ETH_MediaInterfaceConfig
                0x00000000       0x1c ..\obj\stm32f4xx_syscfg.o
 .text.SYSCFG_CompensationCellCmd
                0x00000000       0x20 ..\obj\stm32f4xx_syscfg.o
 .text.SYSCFG_GetCompensationCellStatus
                0x00000000       0x34 ..\obj\stm32f4xx_syscfg.o
 .text          0x00000000        0x0 ..\obj\stm32f4xx_usart.o
 .data          0x00000000        0x0 ..\obj\stm32f4xx_usart.o
 .bss           0x00000000        0x0 ..\obj\stm32f4xx_usart.o
 .text.USART_DeInit
                0x00000000       0xd0 ..\obj\stm32f4xx_usart.o
 .text.USART_Init
                0x00000000      0x178 ..\obj\stm32f4xx_usart.o
 .text.USART_StructInit
                0x00000000       0x38 ..\obj\stm32f4xx_usart.o
 .text.USART_ClockInit
                0x00000000       0x54 ..\obj\stm32f4xx_usart.o
 .text.USART_ClockStructInit
                0x00000000       0x2c ..\obj\stm32f4xx_usart.o
 .text.USART_Cmd
                0x00000000       0x40 ..\obj\stm32f4xx_usart.o
 .text.USART_SetPrescaler
                0x00000000       0x38 ..\obj\stm32f4xx_usart.o
 .text.USART_OverSampling8Cmd
                0x00000000       0x44 ..\obj\stm32f4xx_usart.o
 .text.USART_OneBitMethodCmd
                0x00000000       0x40 ..\obj\stm32f4xx_usart.o
 .text.USART_ReceiveData
                0x00000000       0x20 ..\obj\stm32f4xx_usart.o
 .text.USART_SetAddress
                0x00000000       0x38 ..\obj\stm32f4xx_usart.o
 .text.USART_ReceiverWakeUpCmd
                0x00000000       0x40 ..\obj\stm32f4xx_usart.o
 .text.USART_WakeUpConfig
                0x00000000       0x38 ..\obj\stm32f4xx_usart.o
 .text.USART_LINBreakDetectLengthConfig
                0x00000000       0x38 ..\obj\stm32f4xx_usart.o
 .text.USART_LINCmd
                0x00000000       0x40 ..\obj\stm32f4xx_usart.o
 .text.USART_SendBreak
                0x00000000       0x24 ..\obj\stm32f4xx_usart.o
 .text.USART_HalfDuplexCmd
                0x00000000       0x40 ..\obj\stm32f4xx_usart.o
 .text.USART_SetGuardTime
                0x00000000       0x3c ..\obj\stm32f4xx_usart.o
 .text.USART_SmartCardCmd
                0x00000000       0x40 ..\obj\stm32f4xx_usart.o
 .text.USART_SmartCardNACKCmd
                0x00000000       0x40 ..\obj\stm32f4xx_usart.o
 .text.USART_IrDAConfig
                0x00000000       0x38 ..\obj\stm32f4xx_usart.o
 .text.USART_IrDACmd
                0x00000000       0x40 ..\obj\stm32f4xx_usart.o
 .text.USART_DMACmd
                0x00000000       0x48 ..\obj\stm32f4xx_usart.o
 .text.USART_ITConfig
                0x00000000       0x90 ..\obj\stm32f4xx_usart.o
 .text.USART_ClearFlag
                0x00000000       0x20 ..\obj\stm32f4xx_usart.o
 .text.USART_ClearITPendingBit
                0x00000000       0x38 ..\obj\stm32f4xx_usart.o
 .text          0x00000000        0x0 ..\obj\startup_stm32f4xx.o
 .data          0x00000000        0x0 ..\obj\startup_stm32f4xx.o
 .bss           0x00000000        0x0 ..\obj\startup_stm32f4xx.o
 .text          0x00000000        0x0 ..\obj\main.o
 .text.Config_USART
                0x00000000       0x40 ..\obj\main.o
 .text.Config_Tx
                0x00000000       0x44 ..\obj\main.o
 .text.Config_Rx
                0x00000000       0x30 ..\obj\main.o
 .text.Config_NVIC
                0x00000000       0x34 ..\obj\main.o
 .text.wyzerowanie
                0x00000000       0x3c ..\obj\main.o
 .text.trybat   0x00000000       0x20 ..\obj\main.o
 .text.BlueToothConfiguration
                0x00000000       0x34 ..\obj\main.o
 .text          0x00000000        0x0 ..\obj\stm32f4xx_rcc.o
 .data          0x00000000       0x10 ..\obj\stm32f4xx_rcc.o
 .bss           0x00000000        0x0 ..\obj\stm32f4xx_rcc.o
 .text.RCC_DeInit
                0x00000000       0x50 ..\obj\stm32f4xx_rcc.o
 .text.RCC_HSEConfig
                0x00000000       0x24 ..\obj\stm32f4xx_rcc.o
 .text.RCC_WaitForHSEStartUp
                0x00000000       0x50 ..\obj\stm32f4xx_rcc.o
 .text.RCC_AdjustHSICalibrationValue
                0x00000000       0x3c ..\obj\stm32f4xx_rcc.o
 .text.RCC_HSICmd
                0x00000000       0x20 ..\obj\stm32f4xx_rcc.o
 .text.RCC_LSEConfig
                0x00000000       0x40 ..\obj\stm32f4xx_rcc.o
 .text.RCC_LSICmd
                0x00000000       0x20 ..\obj\stm32f4xx_rcc.o
 .text.RCC_PLLConfig
                0x00000000       0x3c ..\obj\stm32f4xx_rcc.o
 .text.RCC_PLLCmd
                0x00000000       0x20 ..\obj\stm32f4xx_rcc.o
 .text.RCC_PLLI2SConfig
                0x00000000       0x28 ..\obj\stm32f4xx_rcc.o
 .text.RCC_PLLI2SCmd
                0x00000000       0x20 ..\obj\stm32f4xx_rcc.o
 .text.RCC_ClockSecuritySystemCmd
                0x00000000       0x20 ..\obj\stm32f4xx_rcc.o
 .text.RCC_MCO1Config
                0x00000000       0x3c ..\obj\stm32f4xx_rcc.o
 .text.RCC_MCO2Config
                0x00000000       0x3c ..\obj\stm32f4xx_rcc.o
 .text.RCC_SYSCLKConfig
                0x00000000       0x38 ..\obj\stm32f4xx_rcc.o
 .text.RCC_GetSYSCLKSource
                0x00000000       0x20 ..\obj\stm32f4xx_rcc.o
 .text.RCC_HCLKConfig
                0x00000000       0x38 ..\obj\stm32f4xx_rcc.o
 .text.RCC_PCLK1Config
                0x00000000       0x38 ..\obj\stm32f4xx_rcc.o
 .text.RCC_PCLK2Config
                0x00000000       0x38 ..\obj\stm32f4xx_rcc.o
 .text.RCC_GetClocksFreq
                0x00000000      0x154 ..\obj\stm32f4xx_rcc.o
 .text.RCC_RTCCLKConfig
                0x00000000       0x5c ..\obj\stm32f4xx_rcc.o
 .text.RCC_RTCCLKCmd
                0x00000000       0x20 ..\obj\stm32f4xx_rcc.o
 .text.RCC_BackupResetCmd
                0x00000000       0x20 ..\obj\stm32f4xx_rcc.o
 .text.RCC_I2SCLKConfig
                0x00000000       0x1c ..\obj\stm32f4xx_rcc.o
 .text.RCC_AHB2PeriphClockCmd
                0x00000000       0x3c ..\obj\stm32f4xx_rcc.o
 .text.RCC_AHB3PeriphClockCmd
                0x00000000       0x3c ..\obj\stm32f4xx_rcc.o
 .text.RCC_AHB1PeriphResetCmd
                0x00000000       0x3c ..\obj\stm32f4xx_rcc.o
 .text.RCC_AHB2PeriphResetCmd
                0x00000000       0x3c ..\obj\stm32f4xx_rcc.o
 .text.RCC_AHB3PeriphResetCmd
                0x00000000       0x3c ..\obj\stm32f4xx_rcc.o
 .text.RCC_APB1PeriphResetCmd
                0x00000000       0x3c ..\obj\stm32f4xx_rcc.o
 .text.RCC_APB2PeriphResetCmd
                0x00000000       0x3c ..\obj\stm32f4xx_rcc.o
 .text.RCC_AHB1PeriphClockLPModeCmd
                0x00000000       0x3c ..\obj\stm32f4xx_rcc.o
 .text.RCC_AHB2PeriphClockLPModeCmd
                0x00000000       0x3c ..\obj\stm32f4xx_rcc.o
 .text.RCC_AHB3PeriphClockLPModeCmd
                0x00000000       0x3c ..\obj\stm32f4xx_rcc.o
 .text.RCC_APB1PeriphClockLPModeCmd
                0x00000000       0x3c ..\obj\stm32f4xx_rcc.o
 .text.RCC_APB2PeriphClockLPModeCmd
                0x00000000       0x3c ..\obj\stm32f4xx_rcc.o
 .text.RCC_ITConfig
                0x00000000       0x4c ..\obj\stm32f4xx_rcc.o
 .text.RCC_GetFlagStatus
                0x00000000       0x74 ..\obj\stm32f4xx_rcc.o
 .text.RCC_ClearFlag
                0x00000000       0x1c ..\obj\stm32f4xx_rcc.o
 .text.RCC_GetITStatus
                0x00000000       0x38 ..\obj\stm32f4xx_rcc.o
 .text.RCC_ClearITPendingBit
                0x00000000       0x20 ..\obj\stm32f4xx_rcc.o
 .text          0x00000000        0x0 ..\obj\stm32f4xx_adc.o
 .data          0x00000000        0x0 ..\obj\stm32f4xx_adc.o
 .bss           0x00000000        0x0 ..\obj\stm32f4xx_adc.o
 .text.ADC_DeInit
                0x00000000       0x1c ..\obj\stm32f4xx_adc.o
 .text.ADC_StructInit
                0x00000000       0x3c ..\obj\stm32f4xx_adc.o
 .text.ADC_CommonStructInit
                0x00000000       0x2c ..\obj\stm32f4xx_adc.o
 .text.ADC_AnalogWatchdogCmd
                0x00000000       0x38 ..\obj\stm32f4xx_adc.o
 .text.ADC_AnalogWatchdogThresholdsConfig
                0x00000000       0x28 ..\obj\stm32f4xx_adc.o
 .text.ADC_AnalogWatchdogSingleChannelConfig
                0x00000000       0x38 ..\obj\stm32f4xx_adc.o
 .text.ADC_TempSensorVrefintCmd
                0x00000000       0x38 ..\obj\stm32f4xx_adc.o
 .text.ADC_VBATCmd
                0x00000000       0x38 ..\obj\stm32f4xx_adc.o
 .text.ADC_GetSoftwareStartConvStatus
                0x00000000       0x30 ..\obj\stm32f4xx_adc.o
 .text.ADC_EOCOnEachRegularChannelCmd
                0x00000000       0x38 ..\obj\stm32f4xx_adc.o
 .text.ADC_ContinuousModeCmd
                0x00000000       0x38 ..\obj\stm32f4xx_adc.o
 .text.ADC_DiscModeChannelCountConfig
                0x00000000       0x44 ..\obj\stm32f4xx_adc.o
 .text.ADC_DiscModeCmd
                0x00000000       0x38 ..\obj\stm32f4xx_adc.o
 .text.ADC_GetMultiModeConversionValue
                0x00000000       0x18 ..\obj\stm32f4xx_adc.o
 .text.ADC_DMACmd
                0x00000000       0x38 ..\obj\stm32f4xx_adc.o
 .text.ADC_DMARequestAfterLastTransferCmd
                0x00000000       0x38 ..\obj\stm32f4xx_adc.o
 .text.ADC_MultiModeDMARequestAfterLastTransferCmd
                0x00000000       0x38 ..\obj\stm32f4xx_adc.o
 .text.ADC_InjectedChannelConfig
                0x00000000      0x120 ..\obj\stm32f4xx_adc.o
 .text.ADC_InjectedSequencerLengthConfig
                0x00000000       0x44 ..\obj\stm32f4xx_adc.o
 .text.ADC_SetInjectedOffset
                0x00000000       0x34 ..\obj\stm32f4xx_adc.o
 .text.ADC_ExternalTrigInjectedConvConfig
                0x00000000       0x34 ..\obj\stm32f4xx_adc.o
 .text.ADC_ExternalTrigInjectedConvEdgeConfig
                0x00000000       0x34 ..\obj\stm32f4xx_adc.o
 .text.ADC_SoftwareStartInjectedConv
                0x00000000       0x20 ..\obj\stm32f4xx_adc.o
 .text.ADC_GetSoftwareStartInjectedConvCmdStatus
                0x00000000       0x30 ..\obj\stm32f4xx_adc.o
 .text.ADC_AutoInjectedConvCmd
                0x00000000       0x38 ..\obj\stm32f4xx_adc.o
 .text.ADC_InjectedDiscModeCmd
                0x00000000       0x38 ..\obj\stm32f4xx_adc.o
 .text.ADC_GetInjectedConversionValue
                0x00000000       0x30 ..\obj\stm32f4xx_adc.o
 .text.ADC_ITConfig
                0x00000000       0x50 ..\obj\stm32f4xx_adc.o
 .text.ADC_ClearFlag
                0x00000000       0x20 ..\obj\stm32f4xx_adc.o
 .text.ADC_GetITStatus
                0x00000000       0x5c ..\obj\stm32f4xx_adc.o
 .text.ADC_ClearITPendingBit
                0x00000000       0x2c ..\obj\stm32f4xx_adc.o
 .text          0x00000000        0x0 ..\obj\printf.o
 .data          0x00000000      0x42c ..\obj\printf.o
 .bss           0x00000000        0x0 ..\obj\printf.o
 .text.PrintChar
                0x00000000       0x14 ..\obj\printf.o
 .text.snprintf
                0x00000000       0x30 ..\obj\printf.o
 .rodata        0x00000000       0x24 ..\obj\printf.o
 .text.vfprintf
                0x00000000       0x68 ..\obj\printf.o
 .text.vprintf  0x00000000       0x28 ..\obj\printf.o
 .text.fprintf  0x00000000       0x2c ..\obj\printf.o
 .text.printf   0x00000000       0x28 ..\obj\printf.o
 .text.puts     0x00000000       0x24 ..\obj\printf.o
 .text.fputc    0x00000000       0x40 ..\obj\printf.o
 .text.fputs    0x00000000       0x48 ..\obj\printf.o
 .text          0x00000000        0x0 ..\obj\lcd_hd44780.o
 .data          0x00000000        0x0 ..\obj\lcd_hd44780.o
 .bss           0x00000000        0x0 ..\obj\lcd_hd44780.o
 .text.lcd_str  0x00000000       0x28 ..\obj\lcd_hd44780.o
 .text          0x00000000        0x0 ..\obj\stm32f4xx_gpio.o
 .data          0x00000000        0x0 ..\obj\stm32f4xx_gpio.o
 .bss           0x00000000        0x0 ..\obj\stm32f4xx_gpio.o
 .text.GPIO_DeInit
                0x00000000      0x120 ..\obj\stm32f4xx_gpio.o
 .text.GPIO_StructInit
                0x00000000       0x34 ..\obj\stm32f4xx_gpio.o
 .text.GPIO_PinLockConfig
                0x00000000       0x44 ..\obj\stm32f4xx_gpio.o
 .text.GPIO_ReadInputData
                0x00000000       0x1c ..\obj\stm32f4xx_gpio.o
 .text.GPIO_ReadOutputDataBit
                0x00000000       0x34 ..\obj\stm32f4xx_gpio.o
 .text.GPIO_ReadOutputData
                0x00000000       0x1c ..\obj\stm32f4xx_gpio.o
 .text.GPIO_SetBits
                0x00000000       0x1c ..\obj\stm32f4xx_gpio.o
 .text.GPIO_Write
                0x00000000       0x1c ..\obj\stm32f4xx_gpio.o
 .text.GPIO_PinAFConfig
                0x00000000       0x90 ..\obj\stm32f4xx_gpio.o
 .text          0x00000000        0x0 ..\obj\system_stm32f4xx.o
 .data          0x00000000       0x14 ..\obj\system_stm32f4xx.o
 .bss           0x00000000        0x0 ..\obj\system_stm32f4xx.o
 .text.SystemCoreClockUpdate
                0x00000000       0xf8 ..\obj\system_stm32f4xx.o
 .text          0x00000000        0x0 ..\obj\syscalls.o
 .data          0x00000000        0x0 ..\obj\syscalls.o
 .bss           0x00000000        0x4 ..\obj\syscalls.o
 .text._sbrk    0x00000000       0x40 ..\obj\syscalls.o
 .text.link     0x00000000       0x1c ..\obj\syscalls.o
 .text._close   0x00000000       0x18 ..\obj\syscalls.o
 .text._fstat   0x00000000       0x20 ..\obj\syscalls.o
 .text._isatty  0x00000000       0x18 ..\obj\syscalls.o
 .text._lseek   0x00000000       0x1c ..\obj\syscalls.o
 .text._read    0x00000000       0x1c ..\obj\syscalls.o
 .text._write   0x00000000       0x1c ..\obj\syscalls.o
 .text.abort    0x00000000        0x8 ..\obj\syscalls.o
 .debug_info    0x00000000      0x3ee ..\obj\syscalls.o
 .debug_abbrev  0x00000000       0xe2 ..\obj\syscalls.o
 .debug_aranges
                0x00000000       0x60 ..\obj\syscalls.o
 .debug_ranges  0x00000000       0x50 ..\obj\syscalls.o
 .debug_line    0x00000000      0x17b ..\obj\syscalls.o
 .debug_str     0x00000000      0x2e1 ..\obj\syscalls.o
 .comment       0x00000000       0x71 ..\obj\syscalls.o
 .debug_frame   0x00000000      0x168 ..\obj\syscalls.o
 .ARM.attributes
                0x00000000       0x33 ..\obj\syscalls.o
 .text          0x00000000        0x0 ..\obj\stm32f4xx_exti.o
 .data          0x00000000        0x0 ..\obj\stm32f4xx_exti.o
 .bss           0x00000000        0x0 ..\obj\stm32f4xx_exti.o
 .text.EXTI_DeInit
                0x00000000       0x34 ..\obj\stm32f4xx_exti.o
 .text.EXTI_StructInit
                0x00000000       0x2c ..\obj\stm32f4xx_exti.o
 .text.EXTI_GenerateSWInterrupt
                0x00000000       0x24 ..\obj\stm32f4xx_exti.o
 .text.EXTI_GetFlagStatus
                0x00000000       0x34 ..\obj\stm32f4xx_exti.o
 .text.EXTI_ClearFlag
                0x00000000       0x1c ..\obj\stm32f4xx_exti.o
 .text          0x00000000        0x0 ..\obj\misc.o
 .data          0x00000000        0x0 ..\obj\misc.o
 .bss           0x00000000        0x0 ..\obj\misc.o
 .text.NVIC_SetVectorTable
                0x00000000       0x2c ..\obj\misc.o
 .text.NVIC_SystemLPConfig
                0x00000000       0x40 ..\obj\misc.o
 .text.SysTick_CLKSourceConfig
                0x00000000       0x38 ..\obj\misc.o
 .text          0x00000000        0x0 ..\obj\stm32f4xx_tim.o
 .data          0x00000000        0x0 ..\obj\stm32f4xx_tim.o
 .bss           0x00000000        0x0 ..\obj\stm32f4xx_tim.o
 .text.TIM_DeInit
                0x00000000      0x1bc ..\obj\stm32f4xx_tim.o
 .text.TIM_TimeBaseStructInit
                0x00000000       0x34 ..\obj\stm32f4xx_tim.o
 .text.TIM_PrescalerConfig
                0x00000000       0x28 ..\obj\stm32f4xx_tim.o
 .text.TIM_CounterModeConfig
                0x00000000       0x38 ..\obj\stm32f4xx_tim.o
 .text.TIM_SetCounter
                0x00000000       0x1c ..\obj\stm32f4xx_tim.o
 .text.TIM_SetAutoreload
                0x00000000       0x1c ..\obj\stm32f4xx_tim.o
 .text.TIM_GetCounter
                0x00000000       0x18 ..\obj\stm32f4xx_tim.o
 .text.TIM_GetPrescaler
                0x00000000       0x1c ..\obj\stm32f4xx_tim.o
 .text.TIM_UpdateDisableConfig
                0x00000000       0x40 ..\obj\stm32f4xx_tim.o
 .text.TIM_UpdateRequestConfig
                0x00000000       0x40 ..\obj\stm32f4xx_tim.o
 .text.TIM_ARRPreloadConfig
                0x00000000       0x40 ..\obj\stm32f4xx_tim.o
 .text.TIM_SelectOnePulseMode
                0x00000000       0x38 ..\obj\stm32f4xx_tim.o
 .text.TIM_SetClockDivision
                0x00000000       0x38 ..\obj\stm32f4xx_tim.o
 .text.TIM_OC1Init
                0x00000000       0xf4 ..\obj\stm32f4xx_tim.o
 .text.TIM_OC2Init
                0x00000000      0x110 ..\obj\stm32f4xx_tim.o
 .text.TIM_OC3Init
                0x00000000      0x10c ..\obj\stm32f4xx_tim.o
 .text.TIM_OC4Init
                0x00000000       0xcc ..\obj\stm32f4xx_tim.o
 .text.TIM_OCStructInit
                0x00000000       0x44 ..\obj\stm32f4xx_tim.o
 .text.TIM_SelectOCxM
                0x00000000       0xb0 ..\obj\stm32f4xx_tim.o
 .text.TIM_SetCompare1
                0x00000000       0x1c ..\obj\stm32f4xx_tim.o
 .text.TIM_SetCompare2
                0x00000000       0x1c ..\obj\stm32f4xx_tim.o
 .text.TIM_SetCompare3
                0x00000000       0x1c ..\obj\stm32f4xx_tim.o
 .text.TIM_SetCompare4
                0x00000000       0x1c ..\obj\stm32f4xx_tim.o
 .text.TIM_ForcedOC1Config
                0x00000000       0x38 ..\obj\stm32f4xx_tim.o
 .text.TIM_ForcedOC2Config
                0x00000000       0x3c ..\obj\stm32f4xx_tim.o
 .text.TIM_ForcedOC3Config
                0x00000000       0x38 ..\obj\stm32f4xx_tim.o
 .text.TIM_ForcedOC4Config
                0x00000000       0x3c ..\obj\stm32f4xx_tim.o
 .text.TIM_OC1PreloadConfig
                0x00000000       0x38 ..\obj\stm32f4xx_tim.o
 .text.TIM_OC2PreloadConfig
                0x00000000       0x3c ..\obj\stm32f4xx_tim.o
 .text.TIM_OC3PreloadConfig
                0x00000000       0x38 ..\obj\stm32f4xx_tim.o
 .text.TIM_OC4PreloadConfig
                0x00000000       0x3c ..\obj\stm32f4xx_tim.o
 .text.TIM_OC1FastConfig
                0x00000000       0x38 ..\obj\stm32f4xx_tim.o
 .text.TIM_OC2FastConfig
                0x00000000       0x3c ..\obj\stm32f4xx_tim.o
 .text.TIM_OC3FastConfig
                0x00000000       0x38 ..\obj\stm32f4xx_tim.o
 .text.TIM_OC4FastConfig
                0x00000000       0x3c ..\obj\stm32f4xx_tim.o
 .text.TIM_ClearOC1Ref
                0x00000000       0x38 ..\obj\stm32f4xx_tim.o
 .text.TIM_ClearOC2Ref
                0x00000000       0x3c ..\obj\stm32f4xx_tim.o
 .text.TIM_ClearOC3Ref
                0x00000000       0x38 ..\obj\stm32f4xx_tim.o
 .text.TIM_ClearOC4Ref
                0x00000000       0x3c ..\obj\stm32f4xx_tim.o
 .text.TIM_OC1PolarityConfig
                0x00000000       0x38 ..\obj\stm32f4xx_tim.o
 .text.TIM_OC1NPolarityConfig
                0x00000000       0x38 ..\obj\stm32f4xx_tim.o
 .text.TIM_OC2PolarityConfig
                0x00000000       0x3c ..\obj\stm32f4xx_tim.o
 .text.TIM_OC2NPolarityConfig
                0x00000000       0x3c ..\obj\stm32f4xx_tim.o
 .text.TIM_OC3PolarityConfig
                0x00000000       0x3c ..\obj\stm32f4xx_tim.o
 .text.TIM_OC3NPolarityConfig
                0x00000000       0x3c ..\obj\stm32f4xx_tim.o
 .text.TIM_OC4PolarityConfig
                0x00000000       0x3c ..\obj\stm32f4xx_tim.o
 .text.TIM_CCxCmd
                0x00000000       0x54 ..\obj\stm32f4xx_tim.o
 .text.TIM_CCxNCmd
                0x00000000       0x54 ..\obj\stm32f4xx_tim.o
 .text.TIM_ICInit
                0x00000000       0xa8 ..\obj\stm32f4xx_tim.o
 .text.TIM_ICStructInit
                0x00000000       0x30 ..\obj\stm32f4xx_tim.o
 .text.TIM_PWMIConfig
                0x00000000       0xb8 ..\obj\stm32f4xx_tim.o
 .text.TIM_GetCapture1
                0x00000000       0x18 ..\obj\stm32f4xx_tim.o
 .text.TIM_GetCapture2
                0x00000000       0x18 ..\obj\stm32f4xx_tim.o
 .text.TIM_GetCapture3
                0x00000000       0x18 ..\obj\stm32f4xx_tim.o
 .text.TIM_GetCapture4
                0x00000000       0x18 ..\obj\stm32f4xx_tim.o
 .text.TIM_SetIC1Prescaler
                0x00000000       0x38 ..\obj\stm32f4xx_tim.o
 .text.TIM_SetIC2Prescaler
                0x00000000       0x3c ..\obj\stm32f4xx_tim.o
 .text.TIM_SetIC3Prescaler
                0x00000000       0x38 ..\obj\stm32f4xx_tim.o
 .text.TIM_SetIC4Prescaler
                0x00000000       0x3c ..\obj\stm32f4xx_tim.o
 .text.TIM_BDTRConfig
                0x00000000       0x50 ..\obj\stm32f4xx_tim.o
 .text.TIM_BDTRStructInit
                0x00000000       0x3c ..\obj\stm32f4xx_tim.o
 .text.TIM_CtrlPWMOutputs
                0x00000000       0x4c ..\obj\stm32f4xx_tim.o
 .text.TIM_SelectCOM
                0x00000000       0x40 ..\obj\stm32f4xx_tim.o
 .text.TIM_CCPreloadControl
                0x00000000       0x40 ..\obj\stm32f4xx_tim.o
 .text.TIM_GenerateEvent
                0x00000000       0x1c ..\obj\stm32f4xx_tim.o
 .text.TIM_GetFlagStatus
                0x00000000       0x38 ..\obj\stm32f4xx_tim.o
 .text.TIM_ClearFlag
                0x00000000       0x20 ..\obj\stm32f4xx_tim.o
 .text.TIM_DMAConfig
                0x00000000       0x28 ..\obj\stm32f4xx_tim.o
 .text.TIM_DMACmd
                0x00000000       0x48 ..\obj\stm32f4xx_tim.o
 .text.TIM_SelectCCDMA
                0x00000000       0x40 ..\obj\stm32f4xx_tim.o
 .text.TIM_InternalClockConfig
                0x00000000       0x24 ..\obj\stm32f4xx_tim.o
 .text.TIM_ITRxExternalClockConfig
                0x00000000       0x2c ..\obj\stm32f4xx_tim.o
 .text.TIM_TIxExternalClockConfig
                0x00000000       0x60 ..\obj\stm32f4xx_tim.o
 .text.TIM_ETRClockMode1Config
                0x00000000       0x5c ..\obj\stm32f4xx_tim.o
 .text.TIM_ETRClockMode2Config
                0x00000000       0x3c ..\obj\stm32f4xx_tim.o
 .text.TIM_SelectInputTrigger
                0x00000000       0x38 ..\obj\stm32f4xx_tim.o
 .text.TIM_SelectOutputTrigger
                0x00000000       0x38 ..\obj\stm32f4xx_tim.o
 .text.TIM_SelectSlaveMode
                0x00000000       0x38 ..\obj\stm32f4xx_tim.o
 .text.TIM_SelectMasterSlaveMode
                0x00000000       0x38 ..\obj\stm32f4xx_tim.o
 .text.TIM_ETRConfig
                0x00000000       0x54 ..\obj\stm32f4xx_tim.o
 .text.TIM_EncoderInterfaceConfig
                0x00000000       0x98 ..\obj\stm32f4xx_tim.o
 .text.TIM_SelectHallSensor
                0x00000000       0x40 ..\obj\stm32f4xx_tim.o
 .text.TIM_RemapConfig
                0x00000000       0x20 ..\obj\stm32f4xx_tim.o
 .text.TI1_Config
                0x00000000       0x84 ..\obj\stm32f4xx_tim.o
 .text.TI2_Config
                0x00000000       0x98 ..\obj\stm32f4xx_tim.o
 .text.TI3_Config
                0x00000000       0x90 ..\obj\stm32f4xx_tim.o
 .text.TI4_Config
                0x00000000       0x9c ..\obj\stm32f4xx_tim.o
 .data          0x00000000        0x0 c:/program files (x86)/gnu tools arm embedded/4.9 2015q3/bin/../lib/gcc/arm-none-eabi/4.9.3/armv7e-m\libgcc.a(_arm_addsubdf3.o)
 .bss           0x00000000        0x0 c:/program files (x86)/gnu tools arm embedded/4.9 2015q3/bin/../lib/gcc/arm-none-eabi/4.9.3/armv7e-m\libgcc.a(_arm_addsubdf3.o)
 .data          0x00000000        0x0 c:/program files (x86)/gnu tools arm embedded/4.9 2015q3/bin/../lib/gcc/arm-none-eabi/4.9.3/armv7e-m\libgcc.a(_arm_muldivdf3.o)
 .bss           0x00000000        0x0 c:/program files (x86)/gnu tools arm embedded/4.9 2015q3/bin/../lib/gcc/arm-none-eabi/4.9.3/armv7e-m\libgcc.a(_arm_muldivdf3.o)
 .data          0x00000000        0x0 c:/program files (x86)/gnu tools arm embedded/4.9 2015q3/bin/../lib/gcc/arm-none-eabi/4.9.3/armv7e-m\libgcc.a(_arm_fixdfsi.o)
 .bss           0x00000000        0x0 c:/program files (x86)/gnu tools arm embedded/4.9 2015q3/bin/../lib/gcc/arm-none-eabi/4.9.3/armv7e-m\libgcc.a(_arm_fixdfsi.o)
 .text          0x00000000        0x0 c:/program files (x86)/gnu tools arm embedded/4.9 2015q3/bin/../lib/gcc/arm-none-eabi/4.9.3/../../../../arm-none-eabi/lib/armv7e-m\libg.a(lib_a-strlen.o)
 .data          0x00000000        0x0 c:/program files (x86)/gnu tools arm embedded/4.9 2015q3/bin/../lib/gcc/arm-none-eabi/4.9.3/../../../../arm-none-eabi/lib/armv7e-m\libg.a(lib_a-strlen.o)
 .bss           0x00000000        0x0 c:/program files (x86)/gnu tools arm embedded/4.9 2015q3/bin/../lib/gcc/arm-none-eabi/4.9.3/../../../../arm-none-eabi/lib/armv7e-m\libg.a(lib_a-strlen.o)

Memory Configuration

Name             Origin             Length             Attributes
rom              0x08000000         0x00080000         xr
ram              0x20000000         0x00020000         xrw
ram1             0x10000000         0x00010000         xrw
*default*        0x00000000         0xffffffff

Linker script and memory map

                0x20020000                _eram = 0x20020000

.text           0x08000000     0x2653
 *(.isr_vector)
 .isr_vector    0x08000000      0x188 ..\obj\startup_stm32f4xx.o
                0x08000000                g_pfnVectors
 *(.text*)
 .text.SYSCFG_EXTILineConfig
                0x08000188       0x84 ..\obj\stm32f4xx_syscfg.o
                0x08000188                SYSCFG_EXTILineConfig
 .text.USART_SendData
                0x0800020c       0x24 ..\obj\stm32f4xx_usart.o
                0x0800020c                USART_SendData
 .text.USART_GetFlagStatus
                0x08000230       0x38 ..\obj\stm32f4xx_usart.o
                0x08000230                USART_GetFlagStatus
 .text.USART_GetITStatus
                0x08000268       0xb8 ..\obj\stm32f4xx_usart.o
                0x08000268                USART_GetITStatus
 .text.Default_Reset_Handler
                0x08000320       0x58 ..\obj\startup_stm32f4xx.o
                0x08000320                Default_Reset_Handler
                0x08000320                Reset_Handler
 .text.Default_Handler
                0x08000378        0x8 ..\obj\startup_stm32f4xx.o
                0x08000378                RTC_Alarm_IRQHandler
                0x08000378                HASH_RNG_IRQHandler
                0x08000378                EXTI2_IRQHandler
                0x08000378                TIM8_CC_IRQHandler
                0x08000378                DebugMon_Handler
                0x08000378                TIM1_CC_IRQHandler
                0x08000378                DMA2_Stream5_IRQHandler
                0x08000378                HardFault_Handler
                0x08000378                DMA1_Stream5_IRQHandler
                0x08000378                SysTick_Handler
                0x08000378                PVD_IRQHandler
                0x08000378                SDIO_IRQHandler
                0x08000378                TAMP_STAMP_IRQHandler
                0x08000378                PendSV_Handler
                0x08000378                NMI_Handler
                0x08000378                CAN2_RX1_IRQHandler
                0x08000378                EXTI3_IRQHandler
                0x08000378                TIM8_TRG_COM_TIM14_IRQHandler
                0x08000378                TIM1_UP_TIM10_IRQHandler
                0x08000378                TIM8_UP_TIM13_IRQHandler
                0x08000378                I2C3_ER_IRQHandler
                0x08000378                I2C2_EV_IRQHandler
                0x08000378                DMA1_Stream2_IRQHandler
                0x08000378                CAN1_RX0_IRQHandler
                0x08000378                FPU_IRQHandler
                0x08000378                OTG_HS_WKUP_IRQHandler
                0x08000378                UsageFault_Handler
                0x08000378                CAN2_SCE_IRQHandler
                0x08000378                DMA2_Stream2_IRQHandler
                0x08000378                SPI1_IRQHandler
                0x08000378                TIM6_DAC_IRQHandler
                0x08000378                TIM1_BRK_TIM9_IRQHandler
                0x08000378                DCMI_IRQHandler
                0x08000378                CAN2_RX0_IRQHandler
                0x08000378                DMA2_Stream3_IRQHandler
                0x08000378                USART6_IRQHandler
                0x08000378                CRYP_IRQHandler
                0x08000378                CAN1_RX1_IRQHandler
                0x08000378                UART5_IRQHandler
                0x08000378                DMA2_Stream0_IRQHandler
                0x08000378                TIM4_IRQHandler
                0x08000378                I2C1_EV_IRQHandler
                0x08000378                DMA1_Stream6_IRQHandler
                0x08000378                DMA1_Stream1_IRQHandler
                0x08000378                UART4_IRQHandler
                0x08000378                RCC_IRQHandler
                0x08000378                TIM8_BRK_TIM12_IRQHandler
                0x08000378                EXTI15_10_IRQHandler
                0x08000378                ADC_IRQHandler
                0x08000378                DMA1_Stream7_IRQHandler
                0x08000378                TIM7_IRQHandler
                0x08000378                CAN2_TX_IRQHandler
                0x08000378                TIM5_IRQHandler
                0x08000378                DMA2_Stream7_IRQHandler
                0x08000378                I2C3_EV_IRQHandler
                0x08000378                EXTI9_5_IRQHandler
                0x08000378                RTC_WKUP_IRQHandler
                0x08000378                ETH_WKUP_IRQHandler
                0x08000378                SPI2_IRQHandler
                0x08000378                OTG_HS_EP1_IN_IRQHandler
                0x08000378                MemManage_Handler
                0x08000378                DMA1_Stream0_IRQHandler
                0x08000378                CAN1_TX_IRQHandler
                0x08000378                SVC_Handler
                0x08000378                EXTI4_IRQHandler
                0x08000378                FSMC_IRQHandler
                0x08000378                ETH_IRQHandler
                0x08000378                OTG_HS_EP1_OUT_IRQHandler
                0x08000378                WWDG_IRQHandler
                0x08000378                TIM2_IRQHandler
                0x08000378                OTG_FS_WKUP_IRQHandler
                0x08000378                TIM1_TRG_COM_TIM11_IRQHandler
                0x08000378                OTG_HS_IRQHandler
                0x08000378                EXTI1_IRQHandler
                0x08000378                USART2_IRQHandler
                0x08000378                I2C2_ER_IRQHandler
                0x08000378                DMA2_Stream1_IRQHandler
                0x08000378                CAN1_SCE_IRQHandler
                0x08000378                FLASH_IRQHandler
                0x08000378                DMA2_Stream4_IRQHandler
                0x08000378                BusFault_Handler
                0x08000378                USART1_IRQHandler
                0x08000378                OTG_FS_IRQHandler
                0x08000378                SPI3_IRQHandler
                0x08000378                DMA1_Stream4_IRQHandler
                0x08000378                I2C1_ER_IRQHandler
                0x08000378                DMA2_Stream6_IRQHandler
                0x08000378                DMA1_Stream3_IRQHandler
 .text.USART3_IRQHandler
                0x08000380       0x2c ..\obj\main.o
                0x08000380                USART3_IRQHandler
 .text.send_char
                0x080003ac       0x30 ..\obj\main.o
                0x080003ac                send_char
 .text.send_string
                0x080003dc       0x28 ..\obj\main.o
                0x080003dc                send_string
 .text.tim3_konf
                0x08000404       0x40 ..\obj\main.o
                0x08000404                tim3_konf
 .text.NIVC_TIM3
                0x08000444       0x44 ..\obj\main.o
                0x08000444                NIVC_TIM3
 .text.TIM3_IRQHandler
                0x08000488      0x28c ..\obj\main.o
                0x08000488                TIM3_IRQHandler
 .text.konfiguracja_potencjometr_1
                0x08000714       0x9c ..\obj\main.o
                0x08000714                konfiguracja_potencjometr_1
 .text.konfiguracja_potencjometr_2
                0x080007b0       0x94 ..\obj\main.o
                0x080007b0                konfiguracja_potencjometr_2
 .text.ustawienia_diod
                0x08000844       0x38 ..\obj\main.o
                0x08000844                ustawienia_diod
 .text.przycisk
                0x0800087c       0x40 ..\obj\main.o
                0x0800087c                przycisk
 .text.Config_EXTI
                0x080008bc       0x2c ..\obj\main.o
                0x080008bc                Config_EXTI
 .text.Init_EXTI
                0x080008e8       0x30 ..\obj\main.o
                0x080008e8                Init_EXTI
 .text.EXTI0_IRQHandler
                0x08000918       0x58 ..\obj\main.o
                0x08000918                EXTI0_IRQHandler
 .text.main     0x08000970       0x30 ..\obj\main.o
                0x08000970                main
 .text.RCC_AHB1PeriphClockCmd
                0x080009a0       0x3c ..\obj\stm32f4xx_rcc.o
                0x080009a0                RCC_AHB1PeriphClockCmd
 .text.RCC_APB1PeriphClockCmd
                0x080009dc       0x3c ..\obj\stm32f4xx_rcc.o
                0x080009dc                RCC_APB1PeriphClockCmd
 .text.RCC_APB2PeriphClockCmd
                0x08000a18       0x3c ..\obj\stm32f4xx_rcc.o
                0x08000a18                RCC_APB2PeriphClockCmd
 .text.ADC_Init
                0x08000a54       0xa8 ..\obj\stm32f4xx_adc.o
                0x08000a54                ADC_Init
 .text.ADC_CommonInit
                0x08000afc       0x50 ..\obj\stm32f4xx_adc.o
                0x08000afc                ADC_CommonInit
 .text.ADC_Cmd  0x08000b4c       0x38 ..\obj\stm32f4xx_adc.o
                0x08000b4c                ADC_Cmd
 .text.ADC_RegularChannelConfig
                0x08000b84      0x194 ..\obj\stm32f4xx_adc.o
                0x08000b84                ADC_RegularChannelConfig
 .text.ADC_SoftwareStartConv
                0x08000d18       0x20 ..\obj\stm32f4xx_adc.o
                0x08000d18                ADC_SoftwareStartConv
 .text.ADC_GetConversionValue
                0x08000d38       0x1c ..\obj\stm32f4xx_adc.o
                0x08000d38                ADC_GetConversionValue
 .text.ADC_GetFlagStatus
                0x08000d54       0x34 ..\obj\stm32f4xx_adc.o
                0x08000d54                ADC_GetFlagStatus
 .text.PutChar  0x08000d88       0x20 ..\obj\printf.o
                0x08000d88                PutChar
 .text.PutString
                0x08000da8       0x3c ..\obj\printf.o
                0x08000da8                PutString
 .text.PutUnsignedInt
                0x08000de4       0xa0 ..\obj\printf.o
                0x08000de4                PutUnsignedInt
 .text.PutSignedInt
                0x08000e84      0x104 ..\obj\printf.o
                0x08000e84                PutSignedInt
 .text.PutHexa  0x08000f88       0xd8 ..\obj\printf.o
                0x08000f88                PutHexa
 .text.vsnprintf
                0x08001060      0x25c ..\obj\printf.o
                0x08001060                vsnprintf
 .text.vsprintf
                0x080012bc       0x24 ..\obj\printf.o
                0x080012bc                vsprintf
 .text.sprintf  0x080012e0       0x2c ..\obj\printf.o
                0x080012e0                sprintf
 .text.lcd_writenibble
                0x0800130c       0x70 ..\obj\lcd_hd44780.o
                0x0800130c                lcd_writenibble
 .text.LCD_ReadNibble
                0x0800137c       0x84 ..\obj\lcd_hd44780.o
                0x0800137c                LCD_ReadNibble
 .text.LCD_ReadStatus
                0x08001400       0x78 ..\obj\lcd_hd44780.o
                0x08001400                LCD_ReadStatus
 .text.lcd_writedata
                0x08001478       0x54 ..\obj\lcd_hd44780.o
                0x08001478                lcd_writedata
 .text.lcd_writecommand
                0x080014cc       0x48 ..\obj\lcd_hd44780.o
                0x080014cc                lcd_writecommand
 .text.lcd_str_center
                0x08001514       0x4c ..\obj\lcd_hd44780.o
                0x08001514                lcd_str_center
 .text.lcd_locate
                0x08001560       0x34 ..\obj\lcd_hd44780.o
                0x08001560                lcd_locate
 .text.lcd_cls  0x08001594        0xc ..\obj\lcd_hd44780.o
                0x08001594                lcd_cls
 .text.lcd_init
                0x080015a0       0xcc ..\obj\lcd_hd44780.o
                0x080015a0                lcd_init
 .text.GPIO_Init
                0x0800166c      0x11c ..\obj\stm32f4xx_gpio.o
                0x0800166c                GPIO_Init
 .text.GPIO_ReadInputDataBit
                0x08001788       0x34 ..\obj\stm32f4xx_gpio.o
                0x08001788                GPIO_ReadInputDataBit
 .text.GPIO_ResetBits
                0x080017bc       0x1c ..\obj\stm32f4xx_gpio.o
                0x080017bc                GPIO_ResetBits
 .text.GPIO_WriteBit
                0x080017d8       0x30 ..\obj\stm32f4xx_gpio.o
                0x080017d8                GPIO_WriteBit
 .text.GPIO_ToggleBits
                0x08001808       0x24 ..\obj\stm32f4xx_gpio.o
                0x08001808                GPIO_ToggleBits
 .text.SystemInit
                0x0800182c       0x58 ..\obj\system_stm32f4xx.o
                0x0800182c                SystemInit
 .text.SetSysClock
                0x08001884       0xf4 ..\obj\system_stm32f4xx.o
 .text.EXTI_Init
                0x08001978       0xe4 ..\obj\stm32f4xx_exti.o
                0x08001978                EXTI_Init
 .text.EXTI_GetITStatus
                0x08001a5c       0x48 ..\obj\stm32f4xx_exti.o
                0x08001a5c                EXTI_GetITStatus
 .text.EXTI_ClearITPendingBit
                0x08001aa4       0x1c ..\obj\stm32f4xx_exti.o
                0x08001aa4                EXTI_ClearITPendingBit
 .text.NVIC_PriorityGroupConfig
                0x08001ac0       0x24 ..\obj\misc.o
                0x08001ac0                NVIC_PriorityGroupConfig
 .text.NVIC_Init
                0x08001ae4       0xc0 ..\obj\misc.o
                0x08001ae4                NVIC_Init
 .text.TIM_TimeBaseInit
                0x08001ba4       0xd4 ..\obj\stm32f4xx_tim.o
                0x08001ba4                TIM_TimeBaseInit
 .text.TIM_Cmd  0x08001c78       0x40 ..\obj\stm32f4xx_tim.o
                0x08001c78                TIM_Cmd
 .text.TIM_ITConfig
                0x08001cb8       0x48 ..\obj\stm32f4xx_tim.o
                0x08001cb8                TIM_ITConfig
 .text.TIM_GetITStatus
                0x08001d00       0x54 ..\obj\stm32f4xx_tim.o
                0x08001d00                TIM_GetITStatus
 .text.TIM_ClearITPendingBit
                0x08001d54       0x20 ..\obj\stm32f4xx_tim.o
                0x08001d54                TIM_ClearITPendingBit
 .text          0x08001d74      0x370 c:/program files (x86)/gnu tools arm embedded/4.9 2015q3/bin/../lib/gcc/arm-none-eabi/4.9.3/armv7e-m\libgcc.a(_arm_addsubdf3.o)
                0x08001d74                __aeabi_drsub
                0x08001d7c                __aeabi_dsub
                0x08001d7c                __subdf3
                0x08001d80                __aeabi_dadd
                0x08001d80                __adddf3
                0x08001ff8                __floatunsidf
                0x08001ff8                __aeabi_ui2d
                0x08002018                __floatsidf
                0x08002018                __aeabi_i2d
                0x0800203c                __aeabi_f2d
                0x0800203c                __extendsfdf2
                0x08002078                __floatundidf
                0x08002078                __aeabi_ul2d
                0x08002088                __floatdidf
                0x08002088                __aeabi_l2d
 .text          0x080020e4      0x424 c:/program files (x86)/gnu tools arm embedded/4.9 2015q3/bin/../lib/gcc/arm-none-eabi/4.9.3/armv7e-m\libgcc.a(_arm_muldivdf3.o)
                0x080020e4                __aeabi_dmul
                0x080020e4                __muldf3
                0x08002338                __divdf3
                0x08002338                __aeabi_ddiv
 .text          0x08002508       0x50 c:/program files (x86)/gnu tools arm embedded/4.9 2015q3/bin/../lib/gcc/arm-none-eabi/4.9.3/armv7e-m\libgcc.a(_arm_fixdfsi.o)
                0x08002508                __aeabi_d2iz
                0x08002508                __fixdfsi
 .text.strlen   0x08002558       0x5c c:/program files (x86)/gnu tools arm embedded/4.9 2015q3/bin/../lib/gcc/arm-none-eabi/4.9.3/../../../../arm-none-eabi/lib/armv7e-m\libg.a(lib_a-strlen.o)
                0x08002558                strlen
 *(.init)
 *(.fini)
 *crtbegin.o(.ctors)
 *crtbegin?.o(.ctors)
 *(EXCLUDE_FILE(*crtend.o *crtend?.o) .ctors)
 *(SORT(.ctors.*))
 *(.ctors)
 *crtbegin.o(.dtors)
 *crtbegin?.o(.dtors)
 *(EXCLUDE_FILE(*crtend.o *crtend?.o) .dtors)
 *(SORT(.dtors.*))
 *(.dtors)
 *(.rodata*)
 .rodata        0x080025b4       0x9f ..\obj\main.o
 *(.eh_fram e*)

.glue_7         0x08002654        0x0
 .glue_7        0x00000000        0x0 linker stubs

.glue_7t        0x08002654        0x0
 .glue_7t       0x00000000        0x0 linker stubs

.vfp11_veneer   0x08002654        0x0
 .vfp11_veneer  0x00000000        0x0 linker stubs

.v4_bx          0x08002654        0x0
 .v4_bx         0x00000000        0x0 linker stubs

.iplt           0x08002654        0x0
 .iplt          0x00000000        0x0 ..\obj\stm32f4xx_syscfg.o

.rel.dyn        0x08002654        0x0
 .rel.iplt      0x00000000        0x0 ..\obj\stm32f4xx_syscfg.o

.ARM.extab
 *(.ARM.extab* .gnu.linkonce.armextab.*)
                0x08002654                __exidx_start = .

.ARM.exidx
 *(.ARM.exidx* .gnu.linkonce.armexidx.*)
                0x08002654                __exidx_end = .
                0x08002654                __etext = .
                0x08002653                _sidata = __etext

.data           0x20000000       0x18 load address 0x08002653
                0x20000000                __data_start__ = .
                0x20000000                _sdata = __data_start__
 *(vtable)
 *(.data*)
 .data          0x20000000       0x18 ..\obj\main.o
                0x20000000                ADC_Result
                0x20000004                ADC_Result2
                0x20000008                inicjalizacja
                0x2000000c                dane_serwo
                0x20000010                kierunek_silnik1
                0x20000014                kierunek_silnik2
                0x20000018                . = ALIGN (0x4)
                0x20000018                PROVIDE (__preinit_array_start, .)
 *(.preinit_array)
                0x20000018                PROVIDE (__preinit_array_end, .)
                0x20000018                . = ALIGN (0x4)
                0x20000018                PROVIDE (__init_array_start, .)
 *(SORT(.init_array.*))
 *(.init_array)
                0x20000018                PROVIDE (__init_array_end, .)
                0x20000018                . = ALIGN (0x4)
                0x20000018                PROVIDE (__fini_array_start, .)
 *(SORT(.fini_array.*))
 *(.fini_array)
                0x20000018                PROVIDE (__fini_array_end, .)
 *(.jcr*)
                0x20000018                . = ALIGN (0x4)
                0x20000018                __data_end__ = .
                0x20000018                _edata = __data_end__

.igot.plt       0x20000018        0x0 load address 0x0800266c
 .igot.plt      0x00000000        0x0 ..\obj\stm32f4xx_syscfg.o

.bss            0x20000018       0x58 load address 0x0800266c
                0x20000018                . = ALIGN (0x4)
                0x20000018                __bss_start__ = .
                0x20000018                _sbss = __bss_start__
 *(.bss*)
 .bss           0x20000018       0x10 ..\obj\main.o
                0x20000018                dane_silnik1
                0x2000001c                dane_silnik2
                0x20000020                licznik
                0x20000024                on_off
 *(COMMON)
 COMMON         0x20000028       0x48 ..\obj\main.o
                0x20000028                odleglosc
                0x2000002c                wartosc
                0x20000030                linia1
                0x20000040                BTData
                0x20000048                GPIO_InitStructure
                0x20000050                linia2
                0x20000060                wyslanie
                0x20000070                . = ALIGN (0x4)
                0x20000070                __bss_end__ = .
                0x20000070                _ebss = __bss_end__

.heap           0x20000070        0x0
                0x20000070                __end__ = .
                0x20000070                _end = __end__
                0x20000070                end = __end__
 *(.heap*)
                0x20000070                __HeapLimit = .

.co_stack       0x20000070      0x800 load address 0x080026c4
                0x20000070                . = ALIGN (0x8)
 *(.co_stack .co_stack.*)
 .co_stack      0x20000070      0x800 ..\obj\startup_stm32f4xx.o
                0x20000070                pulStack
                0x20020000                __StackTop = (ORIGIN (ram) + 0x20000)
                0x2001f800                __StackLimit = (__StackTop - SIZEOF (.co_stack))
                0x20020000                PROVIDE (__stack, __StackTop)
                0x00000001                ASSERT ((__StackLimit >= __HeapLimit), region ram  overflowed with stack)
LOAD ..\obj\stm32f4xx_syscfg.o
LOAD ..\obj\stm32f4xx_usart.o
LOAD ..\obj\startup_stm32f4xx.o
LOAD ..\obj\main.o
LOAD ..\obj\stm32f4xx_rcc.o
LOAD ..\obj\stm32f4xx_adc.o
LOAD ..\obj\printf.o
LOAD ..\obj\lcd_hd44780.o
LOAD ..\obj\stm32f4xx_gpio.o
LOAD ..\obj\system_stm32f4xx.o
LOAD ..\obj\syscalls.o
LOAD ..\obj\stm32f4xx_exti.o
LOAD ..\obj\misc.o
LOAD ..\obj\stm32f4xx_tim.o
START GROUP
LOAD c:/program files (x86)/gnu tools arm embedded/4.9 2015q3/bin/../lib/gcc/arm-none-eabi/4.9.3/armv7e-m\libgcc.a
LOAD c:/program files (x86)/gnu tools arm embedded/4.9 2015q3/bin/../lib/gcc/arm-none-eabi/4.9.3/../../../../arm-none-eabi/lib/armv7e-m\libg.a
LOAD c:/program files (x86)/gnu tools arm embedded/4.9 2015q3/bin/../lib/gcc/arm-none-eabi/4.9.3/../../../../arm-none-eabi/lib/armv7e-m\libc.a
END GROUP
OUTPUT(hovercraftRemote.elf elf32-littlearm)

.debug_info     0x00000000     0x7898
 .debug_info    0x00000000      0x26c ..\obj\stm32f4xx_syscfg.o
 .debug_info    0x0000026c      0x9c2 ..\obj\stm32f4xx_usart.o
 .debug_info    0x00000c2e       0xed ..\obj\startup_stm32f4xx.o
 .debug_info    0x00000d1b      0xfc3 ..\obj\main.o
 .debug_info    0x00001cde      0xc4d ..\obj\stm32f4xx_rcc.o
 .debug_info    0x0000292b      0xc38 ..\obj\stm32f4xx_adc.o
 .debug_info    0x00003563      0xe38 ..\obj\printf.o
 .debug_info    0x0000439b      0x484 ..\obj\lcd_hd44780.o
 .debug_info    0x0000481f      0x602 ..\obj\stm32f4xx_gpio.o
 .debug_info    0x00004e21      0x592 ..\obj\system_stm32f4xx.o
 .debug_info    0x000053b3      0x347 ..\obj\stm32f4xx_exti.o
 .debug_info    0x000056fa      0x53d ..\obj\misc.o
 .debug_info    0x00005c37     0x1c61 ..\obj\stm32f4xx_tim.o

.debug_abbrev   0x00000000     0x1471
 .debug_abbrev  0x00000000      0x131 ..\obj\stm32f4xx_syscfg.o
 .debug_abbrev  0x00000131      0x155 ..\obj\stm32f4xx_usart.o
 .debug_abbrev  0x00000286       0xb0 ..\obj\startup_stm32f4xx.o
 .debug_abbrev  0x00000336      0x25b ..\obj\main.o
 .debug_abbrev  0x00000591      0x1e3 ..\obj\stm32f4xx_rcc.o
 .debug_abbrev  0x00000774      0x196 ..\obj\stm32f4xx_adc.o
 .debug_abbrev  0x0000090a      0x27e ..\obj\printf.o
 .debug_abbrev  0x00000b88      0x19f ..\obj\lcd_hd44780.o
 .debug_abbrev  0x00000d27      0x1a3 ..\obj\stm32f4xx_gpio.o
 .debug_abbrev  0x00000eca      0x136 ..\obj\system_stm32f4xx.o
 .debug_abbrev  0x00001000      0x1a5 ..\obj\stm32f4xx_exti.o
 .debug_abbrev  0x000011a5      0x145 ..\obj\misc.o
 .debug_abbrev  0x000012ea      0x187 ..\obj\stm32f4xx_tim.o

.debug_aranges  0x00000000      0xa40
 .debug_aranges
                0x00000000       0x48 ..\obj\stm32f4xx_syscfg.o
 .debug_aranges
                0x00000048      0x100 ..\obj\stm32f4xx_usart.o
 .debug_aranges
                0x00000148       0x28 ..\obj\startup_stm32f4xx.o
 .debug_aranges
                0x00000170       0xc0 ..\obj\main.o
 .debug_aranges
                0x00000230      0x178 ..\obj\stm32f4xx_rcc.o
 .debug_aranges
                0x000003a8      0x148 ..\obj\stm32f4xx_adc.o
 .debug_aranges
                0x000004f0       0xa0 ..\obj\printf.o
 .debug_aranges
                0x00000590       0x68 ..\obj\lcd_hd44780.o
 .debug_aranges
                0x000005f8       0x88 ..\obj\stm32f4xx_gpio.o
 .debug_aranges
                0x00000680       0x30 ..\obj\system_stm32f4xx.o
 .debug_aranges
                0x000006b0       0x58 ..\obj\stm32f4xx_exti.o
 .debug_aranges
                0x00000708       0x40 ..\obj\misc.o
 .debug_aranges
                0x00000748      0x2f8 ..\obj\stm32f4xx_tim.o

.debug_ranges   0x00000000      0x970
 .debug_ranges  0x00000000       0x38 ..\obj\stm32f4xx_syscfg.o
 .debug_ranges  0x00000038       0xf0 ..\obj\stm32f4xx_usart.o
 .debug_ranges  0x00000128       0x18 ..\obj\startup_stm32f4xx.o
 .debug_ranges  0x00000140       0xb0 ..\obj\main.o
 .debug_ranges  0x000001f0      0x168 ..\obj\stm32f4xx_rcc.o
 .debug_ranges  0x00000358      0x138 ..\obj\stm32f4xx_adc.o
 .debug_ranges  0x00000490       0x90 ..\obj\printf.o
 .debug_ranges  0x00000520       0x58 ..\obj\lcd_hd44780.o
 .debug_ranges  0x00000578       0x78 ..\obj\stm32f4xx_gpio.o
 .debug_ranges  0x000005f0       0x20 ..\obj\system_stm32f4xx.o
 .debug_ranges  0x00000610       0x48 ..\obj\stm32f4xx_exti.o
 .debug_ranges  0x00000658       0x30 ..\obj\misc.o
 .debug_ranges  0x00000688      0x2e8 ..\obj\stm32f4xx_tim.o

.debug_line     0x00000000     0x333c
 .debug_line    0x00000000      0x234 ..\obj\stm32f4xx_syscfg.o
 .debug_line    0x00000234      0x4c2 ..\obj\stm32f4xx_usart.o
 .debug_line    0x000006f6       0xa4 ..\obj\startup_stm32f4xx.o
 .debug_line    0x0000079a      0x4a7 ..\obj\main.o
 .debug_line    0x00000c41      0x5c1 ..\obj\stm32f4xx_rcc.o
 .debug_line    0x00001202      0x572 ..\obj\stm32f4xx_adc.o
 .debug_line    0x00001774      0x37b ..\obj\printf.o
 .debug_line    0x00001aef      0x32e ..\obj\lcd_hd44780.o
 .debug_line    0x00001e1d      0x363 ..\obj\stm32f4xx_gpio.o
 .debug_line    0x00002180      0x208 ..\obj\system_stm32f4xx.o
 .debug_line    0x00002388      0x2c5 ..\obj\stm32f4xx_exti.o
 .debug_line    0x0000264d      0x265 ..\obj\misc.o
 .debug_line    0x000028b2      0xa8a ..\obj\stm32f4xx_tim.o

.debug_str      0x00000000     0x357a
 .debug_str     0x00000000      0x299 ..\obj\stm32f4xx_syscfg.o
                                0x2f7 (size before relaxing)
 .debug_str     0x00000299      0x4e4 ..\obj\stm32f4xx_usart.o
                                0x692 (size before relaxing)
 .debug_str     0x0000077d       0xb3 ..\obj\startup_stm32f4xx.o
                                0x14a (size before relaxing)
 .debug_str     0x00000830      0xd06 ..\obj\main.o
                                0xf63 (size before relaxing)
 .debug_str     0x00001536      0x5e6 ..\obj\stm32f4xx_rcc.o
                                0x853 (size before relaxing)
 .debug_str     0x00001b1c      0x4fa ..\obj\stm32f4xx_adc.o
                                0x807 (size before relaxing)
 .debug_str     0x00002016      0x4cb ..\obj\printf.o
                                0x670 (size before relaxing)
 .debug_str     0x000024e1      0x111 ..\obj\lcd_hd44780.o
                                0x470 (size before relaxing)
 .debug_str     0x000025f2      0x184 ..\obj\stm32f4xx_gpio.o
                                0x4a6 (size before relaxing)
 .debug_str     0x00002776      0x11b ..\obj\system_stm32f4xx.o
                                0x3ad (size before relaxing)
 .debug_str     0x00002891      0x103 ..\obj\stm32f4xx_exti.o
                                0x35c (size before relaxing)
 .debug_str     0x00002994      0x15d ..\obj\misc.o
                                0x3d1 (size before relaxing)
 .debug_str     0x00002af1      0xa89 ..\obj\stm32f4xx_tim.o
                                0xdd3 (size before relaxing)

.comment        0x00000000       0x70
 .comment       0x00000000       0x70 ..\obj\stm32f4xx_syscfg.o
                                 0x71 (size before relaxing)
 .comment       0x00000000       0x71 ..\obj\stm32f4xx_usart.o
 .comment       0x00000000       0x71 ..\obj\startup_stm32f4xx.o
 .comment       0x00000000       0x71 ..\obj\main.o
 .comment       0x00000000       0x71 ..\obj\stm32f4xx_rcc.o
 .comment       0x00000000       0x71 ..\obj\stm32f4xx_adc.o
 .comment       0x00000000       0x71 ..\obj\printf.o
 .comment       0x00000000       0x71 ..\obj\lcd_hd44780.o
 .comment       0x00000000       0x71 ..\obj\stm32f4xx_gpio.o
 .comment       0x00000000       0x71 ..\obj\system_stm32f4xx.o
 .comment       0x00000000       0x71 ..\obj\stm32f4xx_exti.o
 .comment       0x00000000       0x71 ..\obj\misc.o
 .comment       0x00000000       0x71 ..\obj\stm32f4xx_tim.o

.ARM.attributes
                0x00000000       0x33
 .ARM.attributes
                0x00000000       0x33 ..\obj\stm32f4xx_syscfg.o
 .ARM.attributes
                0x00000033       0x33 ..\obj\stm32f4xx_usart.o
 .ARM.attributes
                0x00000066       0x33 ..\obj\startup_stm32f4xx.o
 .ARM.attributes
                0x00000099       0x33 ..\obj\main.o
 .ARM.attributes
                0x000000cc       0x33 ..\obj\stm32f4xx_rcc.o
 .ARM.attributes
                0x000000ff       0x33 ..\obj\stm32f4xx_adc.o
 .ARM.attributes
                0x00000132       0x33 ..\obj\printf.o
 .ARM.attributes
                0x00000165       0x33 ..\obj\lcd_hd44780.o
 .ARM.attributes
                0x00000198       0x33 ..\obj\stm32f4xx_gpio.o
 .ARM.attributes
                0x000001cb       0x33 ..\obj\system_stm32f4xx.o
 .ARM.attributes
                0x000001fe       0x33 ..\obj\stm32f4xx_exti.o
 .ARM.attributes
                0x00000231       0x33 ..\obj\misc.o
 .ARM.attributes
                0x00000264       0x33 ..\obj\stm32f4xx_tim.o
 .ARM.attributes
                0x00000297       0x1e c:/program files (x86)/gnu tools arm embedded/4.9 2015q3/bin/../lib/gcc/arm-none-eabi/4.9.3/armv7e-m\libgcc.a(_arm_addsubdf3.o)
 .ARM.attributes
                0x000002b5       0x1e c:/program files (x86)/gnu tools arm embedded/4.9 2015q3/bin/../lib/gcc/arm-none-eabi/4.9.3/armv7e-m\libgcc.a(_arm_muldivdf3.o)
 .ARM.attributes
                0x000002d3       0x1e c:/program files (x86)/gnu tools arm embedded/4.9 2015q3/bin/../lib/gcc/arm-none-eabi/4.9.3/armv7e-m\libgcc.a(_arm_fixdfsi.o)
 .ARM.attributes
                0x000002f1       0x2e c:/program files (x86)/gnu tools arm embedded/4.9 2015q3/bin/../lib/gcc/arm-none-eabi/4.9.3/../../../../arm-none-eabi/lib/armv7e-m\libg.a(lib_a-strlen.o)

.debug_frame    0x00000000     0x2d1c
 .debug_frame   0x00000000       0xf4 ..\obj\stm32f4xx_syscfg.o
 .debug_frame   0x000000f4      0x490 ..\obj\stm32f4xx_usart.o
 .debug_frame   0x00000584       0x4c ..\obj\startup_stm32f4xx.o
 .debug_frame   0x000005d0      0x2f0 ..\obj\main.o
 .debug_frame   0x000008c0      0x6d4 ..\obj\stm32f4xx_rcc.o
 .debug_frame   0x00000f94      0x5ec ..\obj\stm32f4xx_adc.o
 .debug_frame   0x00001580      0x2e0 ..\obj\printf.o
 .debug_frame   0x00001860      0x170 ..\obj\lcd_hd44780.o
 .debug_frame   0x000019d0      0x23c ..\obj\stm32f4xx_gpio.o
 .debug_frame   0x00001c0c       0x7c ..\obj\system_stm32f4xx.o
 .debug_frame   0x00001c88      0x148 ..\obj\stm32f4xx_exti.o
 .debug_frame   0x00001dd0       0xd8 ..\obj\misc.o
 .debug_frame   0x00001ea8      0xe54 ..\obj\stm32f4xx_tim.o
 .debug_frame   0x00002cfc       0x20 c:/program files (x86)/gnu tools arm embedded/4.9 2015q3/bin/../lib/gcc/arm-none-eabi/4.9.3/../../../../arm-none-eabi/lib/armv7e-m\libg.a(lib_a-strlen.o)
